these 4 derivations will be built:
  /nix/store/flrmqr0hhsma8z44ir0kfvhpdz2xsqbq-hm_hyprhyprland.conf.drv
  /nix/store/vr1jpdcygrz0jymwlzl5xqrsfm6wj3y5-home-manager-files.drv
  /nix/store/yjpwgbixqc688x42iahy581yg7vsxflk-activation-script.drv
  /nix/store/hq3cqjr9dz1m5wrshmmxixnammw7vs1v-home-manager-generation.drv
building '/nix/store/flrmqr0hhsma8z44ir0kfvhpdz2xsqbq-hm_hyprhyprland.conf.drv'...
building '/nix/store/yjpwgbixqc688x42iahy581yg7vsxflk-activation-script.drv'...
building '/nix/store/vr1jpdcygrz0jymwlzl5xqrsfm6wj3y5-home-manager-files.drv'...
building '/nix/store/hq3cqjr9dz1m5wrshmmxixnammw7vs1v-home-manager-generation.drv'...
Starting Home Manager activation
Activating checkFilesChanged
Activating checkLinkTargets
Activating writeBoundary
Activating installPackages
replacing old 'home-manager-path'
installing 'home-manager-path'
Activating linkGeneration
Cleaning up orphan links from /home/tom
Creating home file links in /home/tom
Activating onFilesChange
ok
Activating reloadSystemd

There are 250 unread and relevant news items.
Read them by running the command "home-manager news".

